[0m21:06:12.851951 [debug] [MainThread]: Sending event: {'category': 'dbt', 'action': 'invocation', 'label': 'start', 'context': [<snowplow_tracker.self_describing_json.SelfDescribingJson object at 0x000002665DB6C5C0>, <snowplow_tracker.self_describing_json.SelfDescribingJson object at 0x000002665C2592E0>, <snowplow_tracker.self_describing_json.SelfDescribingJson object at 0x000002665BC05D00>]}


============================== 21:06:13.464304 | 59fae43e-fb38-476c-b4a8-eb8fe138375a ==============================
[0m21:06:13.464304 [info ] [MainThread]: Running with dbt=1.12.5
[0m21:06:13.467305 [debug] [MainThread]: running dbt with arguments {'static_parser': 'True', 'no_print': 'None', 'maximum_seed_size_mib': '1', 'target_path': 'None', 'version_check': 'True', 'warn_error_options': 'WarnErrorOptionsV2(error=[], warn=[], silence=[])', 'printer_width': '80', 'write_json': 'True', 'introspect': 'True', 'log_cache_events': 'False', 'empty': 'None', 'cache_selected_only': 'False', 'fail_fast': 'False', 'debug': 'False', 'log_format': 'default', 'profiles_dir': 'C:\\Users\\britn\\.dbt', 'send_anonymous_usage_stats': 'True', 'quiet': 'False', 'warn_error': 'None', 'partial_parse': 'True', 'use_colors': 'True', 'hints_enabled': 'True', 'invocation_command': 'dbt init', 'use_experimental_parser': 'False', 'indirect_selection': 'eager', 'log_path': 'logs'}
[0m21:06:14.948897 [info ] [MainThread]: Creating dbt configuration folder at C:\Users\britn\.dbt
[0m21:08:47.754408 [debug] [MainThread]: Starter project path: C:\Users\britn\AWS_DBT_Snowflake\.venv\Lib\site-packages\dbt\include\starter_project
[0m21:08:47.871797 [info ] [MainThread]: Setting up your profile.
[0m21:08:47.877796 [error] [MainThread]: [[31mERROR[0m]: Encountered an error:
Runtime Error
  No adapters available. Learn how to install an adapter by going to https://docs.getdbt.com/docs/connect-adapters#install-using-the-cli
[0m21:08:47.883797 [debug] [MainThread]: Command `dbt init` failed at 21:08:47.883797 after 155.88 seconds
[0m21:08:47.885800 [debug] [MainThread]: Sending event: {'category': 'dbt', 'action': 'invocation', 'label': 'end', 'context': [<snowplow_tracker.self_describing_json.SelfDescribingJson object at 0x000002665DEBA4B0>, <snowplow_tracker.self_describing_json.SelfDescribingJson object at 0x000002665C2592E0>, <snowplow_tracker.self_describing_json.SelfDescribingJson object at 0x000002665E324320>]}
[0m21:08:47.886798 [debug] [MainThread]: Flushing usage events
[0m21:08:49.650694 [debug] [MainThread]: An error was encountered while trying to flush usage events
[0m21:10:03.485420 [debug] [MainThread]: Sending event: {'category': 'dbt', 'action': 'invocation', 'label': 'start', 'context': [<snowplow_tracker.self_describing_json.SelfDescribingJson object at 0x00000256111789B0>, <snowplow_tracker.self_describing_json.SelfDescribingJson object at 0x0000025610FF04A0>, <snowplow_tracker.self_describing_json.SelfDescribingJson object at 0x0000025610F494C0>]}


============================== 21:10:03.503795 | 714b3d35-094c-4af0-976f-bc339e5eaca2 ==============================
[0m21:10:03.503795 [info ] [MainThread]: Running with dbt=1.12.5
[0m21:10:03.507093 [debug] [MainThread]: running dbt with arguments {'static_parser': 'True', 'no_print': 'None', 'version_check': 'True', 'target_path': 'None', 'warn_error_options': 'WarnErrorOptionsV2(error=[], warn=[], silence=[])', 'maximum_seed_size_mib': '1', 'printer_width': '80', 'write_json': 'True', 'introspect': 'True', 'log_cache_events': 'False', 'empty': 'None', 'cache_selected_only': 'False', 'fail_fast': 'False', 'debug': 'False', 'log_format': 'default', 'partial_parse': 'True', 'send_anonymous_usage_stats': 'True', 'quiet': 'False', 'warn_error': 'None', 'profiles_dir': 'C:\\Users\\britn\\.dbt', 'use_colors': 'True', 'hints_enabled': 'True', 'indirect_selection': 'eager', 'use_experimental_parser': 'False', 'invocation_command': 'dbt init', 'log_path': 'logs'}
[0m21:10:13.876820 [info ] [MainThread]: A project called aws_dbt_snowflake_project already exists here.
[0m21:10:13.880803 [debug] [MainThread]: Command `dbt init` succeeded at 21:10:13.880803 after 11.05 seconds
[0m21:10:13.881803 [debug] [MainThread]: Sending event: {'category': 'dbt', 'action': 'invocation', 'label': 'end', 'context': [<snowplow_tracker.self_describing_json.SelfDescribingJson object at 0x000002560EA33410>, <snowplow_tracker.self_describing_json.SelfDescribingJson object at 0x00000256111789B0>, <snowplow_tracker.self_describing_json.SelfDescribingJson object at 0x00000256111F9A00>]}
[0m21:10:13.882804 [debug] [MainThread]: Flushing usage events
[0m21:10:14.499069 [debug] [MainThread]: An error was encountered while trying to flush usage events
[0m21:11:57.312591 [debug] [MainThread]: Sending event: {'category': 'dbt', 'action': 'invocation', 'label': 'start', 'context': [<snowplow_tracker.self_describing_json.SelfDescribingJson object at 0x00000244C5353620>, <snowplow_tracker.self_describing_json.SelfDescribingJson object at 0x00000244C6EF99D0>, <snowplow_tracker.self_describing_json.SelfDescribingJson object at 0x00000244C5387AD0>]}


============================== 21:11:57.338319 | 99338278-a0c1-45dd-8c9a-1ded0643d628 ==============================
[0m21:11:57.338319 [info ] [MainThread]: Running with dbt=1.12.5
[0m21:11:57.342320 [debug] [MainThread]: running dbt with arguments {'static_parser': 'True', 'no_print': 'None', 'version_check': 'True', 'warn_error_options': 'WarnErrorOptionsV2(error=[], warn=[], silence=[])', 'maximum_seed_size_mib': '1', 'target_path': 'None', 'printer_width': '80', 'write_json': 'True', 'introspect': 'True', 'log_cache_events': 'False', 'empty': 'None', 'cache_selected_only': 'False', 'log_format': 'default', 'debug': 'False', 'fail_fast': 'False', 'partial_parse': 'True', 'send_anonymous_usage_stats': 'True', 'quiet': 'False', 'warn_error': 'None', 'profiles_dir': 'C:\\Users\\britn\\.dbt', 'invocation_command': 'dbt init', 'hints_enabled': 'True', 'use_colors': 'True', 'use_experimental_parser': 'False', 'indirect_selection': 'eager', 'log_path': 'logs'}
[0m21:12:06.319841 [debug] [MainThread]: Starter project path: C:\Users\britn\AWS_DBT_Snowflake\.venv\Lib\site-packages\dbt\include\starter_project
[0m21:12:06.387419 [info ] [MainThread]: Setting up your profile.
[0m21:12:06.391811 [error] [MainThread]: [[31mERROR[0m]: Encountered an error:
Runtime Error
  No adapters available. Learn how to install an adapter by going to https://docs.getdbt.com/docs/connect-adapters#install-using-the-cli
[0m21:12:06.394993 [debug] [MainThread]: Command `dbt init` failed at 21:12:06.394993 after 9.97 seconds
[0m21:12:06.397470 [debug] [MainThread]: Sending event: {'category': 'dbt', 'action': 'invocation', 'label': 'end', 'context': [<snowplow_tracker.self_describing_json.SelfDescribingJson object at 0x00000244C74BEE40>, <snowplow_tracker.self_describing_json.SelfDescribingJson object at 0x00000244C92F5700>, <snowplow_tracker.self_describing_json.SelfDescribingJson object at 0x00000244C71D5BE0>]}
[0m21:12:06.398431 [debug] [MainThread]: Flushing usage events
[0m21:12:06.961406 [debug] [MainThread]: An error was encountered while trying to flush usage events
[0m21:33:18.085755 [debug] [MainThread]: Sending event: {'category': 'dbt', 'action': 'invocation', 'label': 'start', 'context': [<snowplow_tracker.self_describing_json.SelfDescribingJson object at 0x0000019484B70590>, <snowplow_tracker.self_describing_json.SelfDescribingJson object at 0x0000019485119250>, <snowplow_tracker.self_describing_json.SelfDescribingJson object at 0x0000019484B739B0>]}


============================== 21:33:18.101253 | 645c8ec0-0fb4-4b69-bfd2-cbaa8c89a50a ==============================
[0m21:33:18.101253 [info ] [MainThread]: Running with dbt=1.12.5
[0m21:33:18.103247 [debug] [MainThread]: running dbt with arguments {'maximum_seed_size_mib': '1', 'no_print': 'None', 'version_check': 'True', 'warn_error_options': 'WarnErrorOptionsV2(error=[], warn=[], silence=[])', 'target_path': 'None', 'static_parser': 'True', 'printer_width': '80', 'write_json': 'True', 'empty': 'None', 'log_cache_events': 'False', 'introspect': 'True', 'cache_selected_only': 'False', 'log_format': 'default', 'debug': 'False', 'fail_fast': 'False', 'profiles_dir': 'C:\\Users\\britn\\.dbt', 'send_anonymous_usage_stats': 'True', 'quiet': 'False', 'warn_error': 'None', 'partial_parse': 'True', 'use_colors': 'True', 'hints_enabled': 'True', 'invocation_command': 'dbt init', 'use_experimental_parser': 'False', 'indirect_selection': 'eager', 'log_path': 'logs'}
[0m21:33:42.381409 [info ] [MainThread]: A project called aws_dbt_snowflake_project already exists here.
[0m21:33:42.384075 [debug] [MainThread]: Command `dbt init` succeeded at 21:33:42.384075 after 25.14 seconds
[0m21:33:42.385076 [debug] [MainThread]: Sending event: {'category': 'dbt', 'action': 'invocation', 'label': 'end', 'context': [<snowplow_tracker.self_describing_json.SelfDescribingJson object at 0x0000019485328230>, <snowplow_tracker.self_describing_json.SelfDescribingJson object at 0x0000019485328200>, <snowplow_tracker.self_describing_json.SelfDescribingJson object at 0x00000194852E9B80>]}
[0m21:33:42.385076 [debug] [MainThread]: Flushing usage events
[0m21:33:43.122594 [debug] [MainThread]: An error was encountered while trying to flush usage events
[0m21:34:07.858492 [debug] [MainThread]: Sending event: {'category': 'dbt', 'action': 'invocation', 'label': 'start', 'context': [<snowplow_tracker.self_describing_json.SelfDescribingJson object at 0x00000241BF3C2A80>, <snowplow_tracker.self_describing_json.SelfDescribingJson object at 0x00000241BFABF560>, <snowplow_tracker.self_describing_json.SelfDescribingJson object at 0x00000241BD54CE30>]}


============================== 21:34:07.866827 | ba69654c-a9bf-4fe0-a963-e81ab1956fda ==============================
[0m21:34:07.866827 [info ] [MainThread]: Running with dbt=1.12.5
[0m21:34:07.868831 [debug] [MainThread]: running dbt with arguments {'version_check': 'True', 'no_print': 'None', 'maximum_seed_size_mib': '1', 'target_path': 'None', 'warn_error_options': 'WarnErrorOptionsV2(error=[], warn=[], silence=[])', 'static_parser': 'True', 'printer_width': '80', 'write_json': 'True', 'introspect': 'True', 'log_cache_events': 'False', 'empty': 'None', 'cache_selected_only': 'False', 'fail_fast': 'False', 'debug': 'False', 'log_format': 'default', 'profiles_dir': 'C:\\Users\\britn\\.dbt', 'send_anonymous_usage_stats': 'True', 'quiet': 'False', 'warn_error': 'None', 'partial_parse': 'True', 'indirect_selection': 'eager', 'hints_enabled': 'True', 'invocation_command': 'dbt init', 'use_experimental_parser': 'False', 'use_colors': 'True', 'log_path': 'logs'}
[0m21:34:13.362498 [debug] [MainThread]: Starter project path: C:\Users\britn\AWS_DBT_Snowflake\.venv\Lib\site-packages\dbt\include\starter_project
[0m21:34:13.411867 [info ] [MainThread]: Setting up your profile.
[0m21:34:52.397299 [debug] [MainThread]: Snowflake adapter: Setting snowflake.connector to ERROR (file logging only)
[0m21:34:52.398590 [debug] [MainThread]: Snowflake adapter: Setting botocore to ERROR (file logging only)
[0m21:34:52.398590 [debug] [MainThread]: Snowflake adapter: Setting boto3 to ERROR (file logging only)
[0m21:40:41.693529 [info ] [MainThread]: Profile aws_dbt_snowflake_project written to C:\Users\britn\.dbt\profiles.yml using target's profile_template.yml and your supplied values.
[0m21:40:41.842377 [info ] [MainThread]: Running dbt debug to validate the project...
[0m21:40:41.846535 [info ] [MainThread]: dbt version: 1.12.5
[0m21:40:41.847940 [info ] [MainThread]: python version: 3.12.14
[0m21:40:41.849207 [info ] [MainThread]: python path: C:\Users\britn\AWS_DBT_Snowflake\.venv\Scripts\python.exe
[0m21:40:41.850209 [info ] [MainThread]: os info: Windows-11-10.0.26200-SP0
[0m21:40:42.050006 [info ] [MainThread]: Using profiles dir at C:\Users\britn\.dbt
[0m21:40:42.050006 [info ] [MainThread]: Using profiles.yml file at C:\Users\britn\.dbt\profiles.yml
[0m21:40:42.051450 [info ] [MainThread]: Using dbt_project.yml file at C:\Users\britn\AWS_DBT_Snowflake\aws_dbt_snowflake_project\dbt_project.yml
[0m21:40:42.066417 [info ] [MainThread]: adapter type: snowflake
[0m21:40:42.067507 [info ] [MainThread]: adapter version: 1.12.1
[0m21:40:42.263761 [info ] [MainThread]: Configuration:
[0m21:40:42.263761 [info ] [MainThread]:   profiles.yml file [[32mOK found and valid[0m]
[0m21:40:42.265270 [info ] [MainThread]:   dbt_project.yml file [[32mOK found and valid[0m]
[0m21:40:42.266283 [info ] [MainThread]: Required dependencies:
[0m21:40:42.267396 [debug] [MainThread]: Executing "git --help"
[0m21:40:42.366761 [debug] [MainThread]: STDOUT: "b"usage: git [-v | --version] [-h | --help] [-C <path>] [-c <name>=<value>]\n           [--exec-path[=<path>]] [--html-path] [--man-path] [--info-path]\n           [-p | --paginate | -P | --no-pager] [--no-replace-objects] [--no-lazy-fetch]\n           [--no-optional-locks] [--no-advice] [--bare] [--git-dir=<path>]\n           [--work-tree=<path>] [--namespace=<name>] [--config-env=<name>=<envvar>]\n           <command> [<args>]\n\nThese are common Git commands used in various situations:\n\nstart a working area (see also: git help tutorial)\n   clone      Clone a repository into a new directory\n   init       Create an empty Git repository or reinitialize an existing one\n\nwork on the current change (see also: git help everyday)\n   add        Add file contents to the index\n   mv         Move or rename a file, a directory, or a symlink\n   restore    Restore working tree files\n   rm         Remove files from the working tree and from the index\n\nexamine the history and state (see also: git help revisions)\n   bisect     Use binary search to find the commit that introduced a bug\n   diff       Show changes between commits, commit and working tree, etc\n   grep       Print lines matching a pattern\n   log        Show commit logs\n   show       Show various types of objects\n   status     Show the working tree status\n\ngrow, mark and tweak your common history\n   backfill   Download missing objects in a partial clone\n   branch     List, create, or delete branches\n   commit     Record changes to the repository\n   history    EXPERIMENTAL: Rewrite history\n   merge      Join two or more development histories together\n   rebase     Reapply commits on top of another base tip\n   reset      Set `HEAD` or the index to a known state\n   switch     Switch branches\n   tag        Create, list, delete or verify tags\n\ncollaborate (see also: git help workflows)\n   fetch      Download objects and refs from another repository\n   pull       Fetch from and integrate with another repository or a local branch\n   push       Update remote refs along with associated objects\n\n'git help -a' and 'git help -g' list available subcommands and some\nconcept guides. See 'git help <command>' or 'git help <concept>'\nto read about a specific subcommand or concept.\nSee 'git help git' for an overview of the system.\n""
[0m21:40:42.367905 [debug] [MainThread]: STDERR: "b''"
[0m21:40:42.368928 [info ] [MainThread]:  - git [[32mOK found[0m]

[0m21:40:42.369926 [info ] [MainThread]: Connection:
[0m21:40:42.369926 [info ] [MainThread]:   account: ISIUFFG-JB71074
[0m21:40:42.371054 [info ] [MainThread]:   user: BRITNEYVONG
[0m21:40:42.372052 [info ] [MainThread]:   database: AIRBNB
[0m21:40:42.373240 [info ] [MainThread]:   warehouse: SNOWFLAKE_LEARNING_WH
[0m21:40:42.374279 [info ] [MainThread]:   role: ACCOUNTADMIN
[0m21:40:42.375794 [info ] [MainThread]:   schema: dbt_schema
[0m21:40:42.377038 [info ] [MainThread]:   authenticator: None
[0m21:40:42.378051 [info ] [MainThread]:   oauth_client_id: None
[0m21:40:42.380342 [info ] [MainThread]:   query_tag: None
[0m21:40:42.380342 [info ] [MainThread]:   client_session_keep_alive: False
[0m21:40:42.381515 [info ] [MainThread]:   host: None
[0m21:40:42.381515 [info ] [MainThread]:   port: None
[0m21:40:42.382642 [info ] [MainThread]:   proxy_host: None
[0m21:40:42.382642 [info ] [MainThread]:   proxy_port: None
[0m21:40:42.385004 [info ] [MainThread]:   protocol: None
[0m21:40:42.385004 [info ] [MainThread]:   connect_retries: 1
[0m21:40:42.386485 [info ] [MainThread]:   connect_timeout: None
[0m21:40:42.387854 [info ] [MainThread]:   retry_on_database_errors: False
[0m21:40:42.387854 [info ] [MainThread]:   retry_all: False
[0m21:40:42.389117 [info ] [MainThread]:   insecure_mode: False
[0m21:40:42.391181 [info ] [MainThread]:   reuse_connections: True
[0m21:40:42.394182 [info ] [MainThread]:   s3_stage_vpce_dns_name: None
[0m21:40:42.395183 [info ] [MainThread]:   workload_identity_provider: None
[0m21:40:42.397705 [info ] [MainThread]:   workload_identity_entra_resource: None
[0m21:40:42.398743 [info ] [MainThread]:   platform_detection_timeout_seconds: 0.0
[0m21:40:42.470947 [info ] [MainThread]: Registered adapter: snowflake=1.12.1
[0m21:40:43.715769 [debug] [MainThread]: Acquiring new snowflake connection 'debug'
[0m21:40:43.743731 [debug] [MainThread]: Using snowflake connection "debug"
[0m21:40:43.743731 [debug] [MainThread]: On debug: select 1 as id
[0m21:40:43.745272 [debug] [MainThread]: Opening a new connection, currently in state init
[0m21:40:46.671311 [debug] [MainThread]: Snowflake adapter: Error running SQL: select 1 as id
[0m21:40:46.672311 [debug] [MainThread]: Snowflake adapter: Rolling back transaction.
[0m21:40:46.672311 [info ] [MainThread]:   Connection test: [[31mERROR[0m]

[0m21:40:46.673309 [info ] [MainThread]: [31m1 check failed:[0m
[0m21:40:46.674820 [info ] [MainThread]: dbt was unable to connect to the specified database.
The database returned the following error:

  >Database Error
  390100 (28000): Failed to connect to DB: ISIUFFG-JB71074.snowflakecomputing.com:443. Incorrect username or password was specified. [c1f40dbe-d148-404f-b758-c65e1b1d42ba]

Check your database credentials and try again. For more information, visit:
https://docs.getdbt.com/docs/configure-your-profile


[0m21:40:46.676307 [info ] [MainThread]: Your new dbt project "aws_dbt_snowflake_project" was created!
Initialized new project in C:\Users\britn\AWS_DBT_Snowflake\aws_dbt_snowflake_project\aws_dbt_snowflake_project

For more information on how to configure the profiles.yml file,
please consult the dbt documentation here:

  https://docs.getdbt.com/docs/configure-your-profile

One more thing:

Need help? Don't hesitate to reach out to us via GitHub issues or on Slack:

  https://community.getdbt.com/

Happy modeling!

[0m21:40:46.677316 [info ] [MainThread]: [31mYour profile may need adjustments. You can find the logs of `dbt debug` above[0m
[0m21:40:46.681637 [debug] [MainThread]: Command `dbt init` succeeded at 21:40:46.680634 after 399.10 seconds
[0m21:40:46.682636 [debug] [MainThread]: Connection 'debug' was left open.
[0m21:40:46.682636 [debug] [MainThread]: On debug: No close available on handle
[0m21:40:46.683600 [debug] [MainThread]: Sending event: {'category': 'dbt', 'action': 'invocation', 'label': 'end', 'context': [<snowplow_tracker.self_describing_json.SelfDescribingJson object at 0x00000241C16D6480>, <snowplow_tracker.self_describing_json.SelfDescribingJson object at 0x00000241C3FBF020>, <snowplow_tracker.self_describing_json.SelfDescribingJson object at 0x00000241BC7221B0>]}
[0m21:40:46.685111 [debug] [MainThread]: Flushing usage events
[0m21:40:47.200134 [debug] [MainThread]: An error was encountered while trying to flush usage events
